# Created by FPTUniversityCodingKinship
# -----------------------------------------------
# Start of Controller
 = StartUpController
Login = LoginController
Logout = LogoutController
SignUp = SignUpController
UpdateProfileController = UpdateProfileServlet
FollowingRequest = FollowingRequestController
Approve = ApproveRequestController
Reject = RejectRequestController
InvitingRequest = InvitingRequestController
MenteeRequest = MenteeRequestController
MenteeListRequest = MenteeListRequestController
MenteeDeleteUpdateDispatcher = MenteeDeleteUpdateDispatcherController
MenteeDeleteRequest = MenteeDeleteRequestController
MenteeUpdateRequest = MenteeUpdateRequestController
MenteeStatisticRequest = MenteeStatisticRequestController
CreateCV = CreateCVController
GetSkillsList = GetSkillsListJSONController
AddMentorSkills = AddMentorSkillsController
MenteeLoadRequest = MenteeLoadRequestController
MenteeShowRequest = MenteeShowRequestController
MenteeUpdateRequestSeparately = MenteeUpdateRequestSeparatelyController
MenteeRate = MenteeRateController
MenteeStartUp = MenteeStartUpController
MenteeListSuggestion = MenteeListSuggestionController
ShowMentorDetails = ShowMentorDetailsController
Close = CloseRequestController
AdminViewMentor = AdminViewMentorController
AdminManageMentorStatus = AdminManageMentorStatusController
AdminCreateSkill = AdminCreateSkillController
AdminLoadSkills = AdminLoadSkillsController
AdminShowSkillInfo = AdminShowSkillInfoController
AdminUpdateSkill = AdminUpdateSkillController
RequestsStatistics = RequestsStatisticsController
# End of Controller
# -----------------------------------------------
# Start of Page
LoginPage = login.jsp
MailVerificationPage = userVerification.jsp
SignUpPage = signup.jsp
UpdateProfilePage = user_profile.jsp
MenteeHomePage = mentee/mentee_homepage.jsp
MenteeRequestPage = mentee/mentee_request.jsp
MenteeListRequestPage = mentee/mentee_listRequest.jsp
MenteeUpdateRequestPage = mentee/mentee_updateRequest.jsp
MenteeStatisticRequestPage = mentee/mentee_statisticRequest.jsp
MenteeRatePage = mentee/mentee_rate.jsp
MenteeListSuggestionPage = mentee/mentee_listSuggestion.jsp
ViewFollowingRequestPage = mentor/viewFollowingRequest.jsp
ViewInvitingRequestPage = mentor/viewInvitingRequest.jsp
MentorHomePage = mentor/mentor_homepage.jsp
AdminHomePage = admin/admin_homepage.jsp
AdminViewMentorPage = admin/admin_viewMentor.jsp
AdminCreateSkillPage = admin/admin_createSkill.jsp
AdminUpdateSkillPage = admin/admin_updateSkill.jsp
AdminHomePage = admin_homepage.jsp
CreateCVPage = mentor/createCV.jsp
RequestsStatisticsPage = mentor/viewStatisticsRequests.jsp
# End of Page
# -----------------------------------------------
