# Created by FPTUniversityCodingKinship
# -----------------------------------------------
# Start of Controller
 = StartUpController
Login = LoginController
Logout = LogoutController
SignUp = SignUpController
VerifyCode = VerifyCodeController
ResetPassword = ResetPasswordController
UpdateProfileController = UpdateProfileServlet
FollowingRequest = FollowingRequestController
Approve = ApproveRequestController
Reject = RejectRequestController
InvitingRequest = InvitingRequestController
MenteeCreateRequest = MenteeCreateRequestController
MenteeListRequest = MenteeListRequestController
MenteeDeleteUpdateDispatcher = MenteeDeleteUpdateDispatcherController
MenteeDeleteRequest = MenteeDeleteRequestController
MenteeUpdateRequest = MenteeUpdateRequestController
MenteeStatisticRequest = MenteeStatisticRequestController
CreateCV = CreateCVController
GetSkillsList = GetSkillsListJSONController
AddMentorSkills = AddMentorSkillsController
MenteeLoadRequest = MenteeLoadRequestController
MenteeShowRequest = MenteeShowRequestController
MenteeUpdateRequestSeparately = MenteeUpdateRequestSeparatelyController
MenteeRate = MenteeRateController
MenteeStartUp = MenteeStartUpController
MenteeListSuggestion = MenteeListSuggestionController
ShowMentorDetails = ShowMentorDetailsController
MenteeFollowMentor = MenteeFollowMentorController
MenteeCreateFollow = MenteeCreateFollowController
Close = CloseRequestController
AdminViewMentor = AdminViewMentorController
AdminManageMentorStatus = AdminManageMentorStatusController
AdminCreateSkill = AdminCreateSkillController
AdminLoadSkills = AdminLoadSkillsController
AdminShowSkillInfo = AdminShowSkillInfoController
AdminUpdateSkill = AdminUpdateSkillController
RequestsStatistics = RequestsStatisticsController
UpdateCV = UpdateCVController
AdminMenteeStatistics = AdminMenteeStatisticsController
AdminViewSkillsList = AdminViewSkillsListController
AdminViewSkillsUpdateStatus = AdminViewSkillsUpdateStatusController
AdminViewSkillsUpdateName = AdminViewSkillsUpdateNameController
AdminViewRequestsList = AdminViewRequestsListController
AdminViewRequestDetail = AdminViewRequestDetailController
ResendCode = ResendCodeController
# End of Controller
# -----------------------------------------------
# Start of Page
HomePage = guest_homepage.jsp
LoginPage = login.jsp
MailVerificationPage = userVerification.jsp
ResetPasswordPage = forgot_password.jsp
SignUpPage = signup.jsp
SignUpSuccessPage = signup_success.jsp
UpdateProfilePage = user_profile.jsp
MenteeCreateRequestPage = mentee/mentee_createRequest.jsp
MenteeListRequestPage = mentee/mentee_listRequest.jsp
MenteeUpdateRequestPage = mentee/mentee_updateRequest.jsp
MenteeStatisticRequestPage = mentee/mentee_statisticRequest.jsp
MenteeRatePage = mentee/mentee_rate.jsp
MenteeListSuggestionPage = mentee/mentee_listSuggestion.jsp
MenteFollowMentorPage = mentee/mentee_followMentor.jsp
ViewFollowingRequestPage = mentor/viewFollowingRequest.jsp
ViewInvitingRequestPage = mentor/viewInvitingRequest.jsp
MentorHomePage = FollowingRequest
AdminViewMentorPage = admin/admin_viewMentor.jsp
AdminCreateSkillPage = admin/admin_createSkill.jsp
AdminUpdateSkillPage = admin/admin_updateSkill.jsp
CreateCVPage = mentor/createCV.jsp
RequestsStatisticsPage = mentor/viewStatisticsRequests.jsp
UpdateCVPage = mentor/updateCV.jsp
AdminMenteeStatisticsPage = admin/admin_viewMenteeStatistics.jsp
AdminViewSkillsListPage = admin/admin_viewSkills.jsp
AdminViewRequestsListPage = admin/admin_viewRequestsList.jsp
AdminViewRequestDetailPage = admin/admin_viewRequestDetail.jsp
# End of Page