# Created by FPTUniversityCodingKinship
# -----------------------------------------------
# Start of Controller
 = StartUpController
Login = LoginController
Logout = LogoutController
SignUp = SignUpController
UpdateProfileController = UpdateProfileServlet
FollowingRequest = FollowingRequestController
Approve = ApproveRequestController
Reject = RejectRequestController
InvitingRequest = InvitingRequestController
MenteeRequest = MenteeRequestController
MenteeListRequest = MenteeListRequestController
MenteeDeleteUpdateDispatcher = MenteeDeleteUpdateDispatcherController
MenteeDeleteRequest = MenteeDeleteRequestController
MenteeUpdateRequest = MenteeUpdateRequestController
MenteeStatisticRequest = MenteeStatisticRequestController
MenteeLoadRequest = MenteeLoadRequestController
MenteeShowRequest = MenteeShowRequestController
MenteeUpdateRequestSeparately = MenteeUpdateRequestSeparatelyController
MenteeRate = MenteeRateController
MenteeStartUp = MenteeStartUpController
MenteeListSuggestion = MenteeListSuggestionController
ShowMentorDetails = ShowMentorDetailsController
Close = CloseRequestController
AdminViewAllMentor = AdminViewAllMentorController
# End of Controller
# -----------------------------------------------
# Start of Page
LoginPage = login.jsp
MailVerificationPage = userVerification.jsp
SignUpPage = signup.jsp
UpdateProfilePage = user_profile.jsp
MenteeHomePage = mentee_homepage.jsp
MenteeRequestPage = mentee_request.jsp
MenteeListRequestPage = mentee_listRequest.jsp
MenteeUpdateRequestPage = mentee_updateRequest.jsp
MenteeStatisticRequestPage = mentee_statisticRequest.jsp
MenteeRatePage = mentee_rate.jsp
MenteeListSuggestionPage = mentee_listSuggestion.jsp
ViewFollowingRequestPage = mentor/viewFollowingRequest.jsp
ViewInvitingRequestPage = mentor/viewInvitingRequest.jsp
MentorHomePage = mentor_homepage.jsp
AdminHomePage = admin_homepage.jsp
AdminViewAllMentorPage = admin_viewAllMentor.jsp
# End of Page
# -----------------------------------------------